// Jest Snapshot v1, https://goo.gl/fbAQLP

exports[`Given a SliderWithLabelView when rendering should match snapshot 1`] = `
<styled.div>
  <styled.div />
  <styled.div>
    <Slider
      max={2}
      min={0}
      onChange={[MockFunction]}
      step={1}
      tipFormatter={[Function]}
      value={2}
    />
  </styled.div>
</styled.div>
`;
