// Jest Snapshot v1, https://goo.gl/fbAQLP

exports[`Given a InputWithLabel when rendering should match snapshot 1`] = `
<InputWithLabelView
  defaultValue=""
  label=""
  onChange={[Function]}
/>
`;
