// Jest Snapshot v1, https://goo.gl/fbAQLP

exports[`Given a AppView when rendering should match snapshot 1`] = `
<styled.div>
  <styled.div
    onClick={[MockFunction]}
  />
  <ParticleVortexShowcase />
</styled.div>
`;
